<html>
<body>
<pre>
<h1>µVision Build Log</h1>
<h2>Tool Versions:</h2>
IDE-Version: £gVision V5.37.0.0
Copyright (C) 2022 ARM Ltd and ARM Germany GmbH. All rights reserved.
License Information: a a, a, LIC=----
 
Tool Versions:
Toolchain:       MDK-Lite  Version: 5.37.0.0
Toolchain Path:  C:\Keil_v5\ARM\ARMCC\Bin
C Compiler:      Armcc.exe V5.06 (build 20)
Assembler:       Armasm.exe V5.06 (build 20)
Linker/Locator:  ArmLink.exe V5.06 (build 20)
Library Manager: ArmAr.exe V5.06 (build 20)
Hex Converter:   FromElf.exe V5.06 (build 20)
CPU DLL:         SARMCM3.DLL V5.37.0.0
Dialog DLL:      DARMCM1.DLL V1.19.6.0
Target DLL:      Nu_Link.dll V3.07
Dialog DLL:      TARMCM1.DLL V1.14.6.0
 
<h2>Project:</h2>
D:\program\microprocessor\microprocessor\CODE\lab4-1 learning board 211013\Nu-LB-NUC140_BSP3.00.004_v1.2\SampleCode\Nu-LB-NUC140\GPIO_7seg_keypad\KEIL\Nu-LB-NUC140_7seg.uvproj
Project File Date:  08/13/2022

<h2>Output:</h2>
*** Using Compiler 'V5.06 (build 20)', folder: 'C:\Keil_v5\ARM\ARMCC\Bin'
Build target 'GPIO'
creating preprocessor file for Scankey.c...
creating preprocessor file for system_NUC100Series.c...
creating preprocessor file for sys.c...
creating preprocessor file for gpio.c...
creating preprocessor file for clk.c...
creating preprocessor file for uart.c...
creating preprocessor file for Seven_Segment.c...
creating preprocessor file for SYS_init.c...
creating preprocessor file for main.c...
compiling main.c...
..\main.c(76): warning:  #940-D: missing return statement at end of non-void function "Q2_find_pc"
  }
..\main.c(83): warning:  #940-D: missing return statement at end of non-void function "Q2_find_pe"
  }
..\main.c: 2 warnings, 0 errors
linking...
Program Size: Code=2564 RO-data=272 RW-data=72 ZI-data=1024  
After Build - User command #1: fromelf --bin ".\obj\GPIO_7seg_keypad.axf" --output ".\obj\GPIO_7seg_keypad.bin"
After Build - User command #2: fromelf --text -c ".\obj\GPIO_7seg_keypad.axf" --output ".\obj\GPIO_7seg_keypad.txt"
".\obj\GPIO_7seg_keypad.axf" - 0 Error(s), 2 Warning(s).
Build Time Elapsed:  00:00:01
</pre>
</body>
</html>
