<html>
<body>
<pre>
<h1>猩ision Build Log</h1>
<h2>Tool Versions:</h2>
IDE-Version: μVision V5.36.0.0
Copyright (C) 2021 ARM Ltd and ARM Germany GmbH. All rights reserved.
License Information: a a, a, LIC=----
 
Tool Versions:
Toolchain:       MDK-Lite  Version: 5.36.0.0
Toolchain Path:  C:\Keil_v5\ARM\ARMCC\Bin
C Compiler:      Armcc.exe V5.06 update 7 (build 960)
Assembler:       Armasm.exe V5.06 update 7 (build 960)
Linker/Locator:  ArmLink.exe V5.06 update 7 (build 960)
Library Manager: ArmAr.exe V5.06 update 7 (build 960)
Hex Converter:   FromElf.exe V5.06 update 7 (build 960)
CPU DLL:         SARMCM3.DLL V5.36.0.0
Dialog DLL:      DARMCM1.DLL V1.19.4.0
Target DLL:      Nu_Link.dll V3.07
Dialog DLL:      TARMCM1.DLL V1.14.4.0
 
<h2>Project:</h2>
C:\Users\Ray\OneDrive - 逢甲大學\教學\1101 微處理機\lab7-0 learning board 211110\Nu-LB-NUC140_BSP3.00.004_v1.2\SampleCode\Nu-LB-NUC140\LCD_Bmp_Keypad\KEIL\Nu-LB-NUC140_LCD.uvproj
Project File Date:  11/04/2021

<h2>Output:</h2>
*** Using Compiler 'V5.06 update 7 (build 960)', folder: 'C:\Keil_v5\ARM\ARMCC\Bin'
Build target 'LCD'
creating preprocessor file for gpio.c...
creating preprocessor file for main.c...
creating preprocessor file for Scankey.c...
creating preprocessor file for SYS_init.c...
creating preprocessor file for spi.c...
creating preprocessor file for system_NUC100Series.c...
creating preprocessor file for clk.c...
creating preprocessor file for uart.c...
creating preprocessor file for LCD.c...
compiling main.c...
..\main.c(39): warning:  #223-D: function "ScanKey" declared implicitly
  		i = ScanKey();
..\main.c(46): warning:  #1-D: last line of file ends without a newline
  }
..\main.c: 2 warnings, 0 errors
linking...
Program Size: Code=2656 RO-data=280 RW-data=3068 ZI-data=2052  
After Build - User command #1: fromelf --bin ".\obj\LCD_Bmp_Keypad.axf" --output ".\obj\LCD_Bmp_Keypad.bin"
After Build - User command #2: fromelf --text -c ".\obj\LCD_Bmp_Keypad.axf" --output ".\obj\LCD_Bmp_Keypad.txt"
".\obj\LCD_Bmp_Keypad.axf" - 0 Error(s), 2 Warning(s).
Build Time Elapsed:  00:00:01
</pre>
</body>
</html>
