Component: ARM Compiler 5.06 update 7 (build 960) Tool: armlink [4d3601]

==============================================================================

Small function inlining results

Inlined total of 0 calls.

==============================================================================

Section Cross References

    system_nuc100series.o(i.SystemCoreClockUpdate) refers to uidiv.o(.text) for __aeabi_uidivmod
    system_nuc100series.o(i.SystemCoreClockUpdate) refers to system_nuc100series.o(.data) for .data
    startup_nuc100series.o(RESET) refers to startup_nuc100series.o(STACK) for __initial_sp
    startup_nuc100series.o(RESET) refers to startup_nuc100series.o(.text) for Reset_Handler
    startup_nuc100series.o(.text) refers to system_nuc100series.o(i.SystemInit) for SystemInit
    startup_nuc100series.o(.text) refers to entry.o(.ARM.Collect$$$$00000000) for __main
    clk.o(i.CLK_DisableCKO) refers to clk.o(i.CLK_DisableModuleClock) for CLK_DisableModuleClock
    clk.o(i.CLK_DisableModuleClock) refers to clk.o(.constdata) for .constdata
    clk.o(i.CLK_EnableCKO) refers to clk.o(i.CLK_EnableModuleClock) for CLK_EnableModuleClock
    clk.o(i.CLK_EnableCKO) refers to clk.o(i.CLK_SetModuleClock) for CLK_SetModuleClock
    clk.o(i.CLK_EnableModuleClock) refers to clk.o(.constdata) for .constdata
    clk.o(i.CLK_EnablePLL) refers to clk.o(i.CLK_WaitClockReady) for CLK_WaitClockReady
    clk.o(i.CLK_EnablePLL) refers to uidiv.o(.text) for __aeabi_uidivmod
    clk.o(i.CLK_GetCPUFreq) refers to system_nuc100series.o(i.SystemCoreClockUpdate) for SystemCoreClockUpdate
    clk.o(i.CLK_GetCPUFreq) refers to system_nuc100series.o(.data) for SystemCoreClock
    clk.o(i.CLK_GetHCLKFreq) refers to system_nuc100series.o(i.SystemCoreClockUpdate) for SystemCoreClockUpdate
    clk.o(i.CLK_GetHCLKFreq) refers to system_nuc100series.o(.data) for SystemCoreClock
    clk.o(i.CLK_GetPCLKFreq) refers to system_nuc100series.o(i.SystemCoreClockUpdate) for SystemCoreClockUpdate
    clk.o(i.CLK_GetPCLKFreq) refers to system_nuc100series.o(.data) for SystemCoreClock
    clk.o(i.CLK_SetCoreClock) refers to clk.o(i.CLK_EnablePLL) for CLK_EnablePLL
    clk.o(i.CLK_SetCoreClock) refers to clk.o(i.CLK_SetHCLK) for CLK_SetHCLK
    clk.o(i.CLK_SetHCLK) refers to system_nuc100series.o(i.SystemCoreClockUpdate) for SystemCoreClockUpdate
    clk.o(i.CLK_SetModuleClock) refers to clk.o(.constdata) for .constdata
    uart.o(i.CLK_GetPLLClockFreq) refers to uidiv.o(.text) for __aeabi_uidivmod
    uart.o(i.UART_Open) refers to uart.o(i.CLK_GetPLLClockFreq) for CLK_GetPLLClockFreq
    uart.o(i.UART_Open) refers to uidiv.o(.text) for __aeabi_uidivmod
    uart.o(i.UART_Open) refers to uart.o(.constdata) for .constdata
    uart.o(i.UART_SelectIrDAMode) refers to uart.o(i.CLK_GetPLLClockFreq) for CLK_GetPLLClockFreq
    uart.o(i.UART_SelectIrDAMode) refers to uidiv.o(.text) for __aeabi_uidivmod
    uart.o(i.UART_SelectIrDAMode) refers to uart.o(.constdata) for .constdata
    uart.o(i.UART_SetLine_Config) refers to uart.o(i.CLK_GetPLLClockFreq) for CLK_GetPLLClockFreq
    uart.o(i.UART_SetLine_Config) refers to uidiv.o(.text) for __aeabi_uidivmod
    uart.o(i.UART_SetLine_Config) refers to uart.o(.constdata) for .constdata
    spi.o(i.CLK_GetPLLClockFreq) refers to uidiv.o(.text) for __aeabi_uidivmod
    spi.o(i.SPI_GetBusClock) refers to clk.o(i.CLK_GetHCLKFreq) for CLK_GetHCLKFreq
    spi.o(i.SPI_GetBusClock) refers to spi.o(i.CLK_GetPLLClockFreq) for CLK_GetPLLClockFreq
    spi.o(i.SPI_GetBusClock) refers to uidiv.o(.text) for __aeabi_uidivmod
    spi.o(i.SPI_Open) refers to clk.o(i.CLK_GetHCLKFreq) for CLK_GetHCLKFreq
    spi.o(i.SPI_Open) refers to spi.o(i.CLK_GetPLLClockFreq) for CLK_GetPLLClockFreq
    spi.o(i.SPI_Open) refers to uidiv.o(.text) for __aeabi_uidivmod
    spi.o(i.SPI_SetBusClock) refers to clk.o(i.CLK_GetHCLKFreq) for CLK_GetHCLKFreq
    spi.o(i.SPI_SetBusClock) refers to spi.o(i.CLK_GetPLLClockFreq) for CLK_GetPLLClockFreq
    spi.o(i.SPI_SetBusClock) refers to uidiv.o(.text) for __aeabi_uidivmod
    main.o(i.main) refers to sys_init.o(i.SYS_Init) for SYS_Init
    main.o(i.main) refers to lcd.o(i.init_LCD) for init_LCD
    main.o(i.main) refers to lcd.o(i.clear_LCD) for clear_LCD
    main.o(i.main) refers to scankey.o(i.ScanKey) for ScanKey
    main.o(i.main) refers to lcd.o(i.draw_LCD) for draw_LCD
    main.o(i.main) refers to lcd.o(i.print_Line) for print_Line
    main.o(i.main) refers to system_nuc100series.o(.data) for CyclesPerUs
    main.o(i.main) refers to main.o(.data) for .data
    sys_init.o(i.SYS_Init) refers to clk.o(i.CLK_EnableXtalRC) for CLK_EnableXtalRC
    sys_init.o(i.SYS_Init) refers to clk.o(i.CLK_WaitClockReady) for CLK_WaitClockReady
    sys_init.o(i.SYS_Init) refers to clk.o(i.CLK_SetCoreClock) for CLK_SetCoreClock
    sys_init.o(i.SYS_Init) refers to clk.o(i.CLK_EnableModuleClock) for CLK_EnableModuleClock
    sys_init.o(i.SYS_Init) refers to clk.o(i.CLK_SetModuleClock) for CLK_SetModuleClock
    lcd.o(i.clear_LCD) refers to lcd.o(i.lcdSetAddr) for lcdSetAddr
    lcd.o(i.clear_LCD) refers to lcd.o(i.lcdWriteData) for lcdWriteData
    lcd.o(i.clear_LCD) refers to lcd.o(.bss) for .bss
    lcd.o(i.draw_Bmp120x8) refers to lcd.o(i.draw_Pixel) for draw_Pixel
    lcd.o(i.draw_Bmp16x16) refers to lcd.o(i.draw_Pixel) for draw_Pixel
    lcd.o(i.draw_Bmp16x24) refers to lcd.o(i.draw_Pixel) for draw_Pixel
    lcd.o(i.draw_Bmp16x32) refers to lcd.o(i.draw_Pixel) for draw_Pixel
    lcd.o(i.draw_Bmp16x40) refers to lcd.o(i.draw_Pixel) for draw_Pixel
    lcd.o(i.draw_Bmp16x48) refers to lcd.o(i.draw_Pixel) for draw_Pixel
    lcd.o(i.draw_Bmp16x64) refers to lcd.o(i.draw_Pixel) for draw_Pixel
    lcd.o(i.draw_Bmp16x8) refers to lcd.o(i.draw_Pixel) for draw_Pixel
    lcd.o(i.draw_Bmp32x16) refers to lcd.o(i.draw_Pixel) for draw_Pixel
    lcd.o(i.draw_Bmp32x32) refers to lcd.o(i.draw_Pixel) for draw_Pixel
    lcd.o(i.draw_Bmp32x48) refers to lcd.o(i.draw_Pixel) for draw_Pixel
    lcd.o(i.draw_Bmp32x64) refers to lcd.o(i.draw_Pixel) for draw_Pixel
    lcd.o(i.draw_Bmp32x8) refers to lcd.o(i.draw_Pixel) for draw_Pixel
    lcd.o(i.draw_Bmp64x64) refers to lcd.o(i.draw_Pixel) for draw_Pixel
    lcd.o(i.draw_Bmp8x16) refers to lcd.o(i.draw_Pixel) for draw_Pixel
    lcd.o(i.draw_Bmp8x8) refers to lcd.o(i.draw_Pixel) for draw_Pixel
    lcd.o(i.draw_LCD) refers to lcd.o(i.lcdSetAddr) for lcdSetAddr
    lcd.o(i.draw_LCD) refers to lcd.o(i.lcdWriteData) for lcdWriteData
    lcd.o(i.draw_Pixel) refers to lcd.o(i.lcdSetAddr) for lcdSetAddr
    lcd.o(i.draw_Pixel) refers to lcd.o(i.lcdWriteData) for lcdWriteData
    lcd.o(i.draw_Pixel) refers to lcd.o(.bss) for .bss
    lcd.o(i.init_LCD) refers to lcd.o(i.init_SPI3) for init_SPI3
    lcd.o(i.init_LCD) refers to lcd.o(i.lcdWriteCommand) for lcdWriteCommand
    lcd.o(i.init_SPI3) refers to spi.o(i.SPI_Open) for SPI_Open
    lcd.o(i.init_SPI3) refers to spi.o(i.SPI_DisableAutoSS) for SPI_DisableAutoSS
    lcd.o(i.printC) refers to lcd.o(i.lcdSetAddr) for lcdSetAddr
    lcd.o(i.printC) refers to lcd.o(i.lcdWriteData) for lcdWriteData
    lcd.o(i.printC) refers to lcd.o(.data) for .data
    lcd.o(i.printC_5x7) refers to lcd.o(i.lcdSetAddr) for lcdSetAddr
    lcd.o(i.printC_5x7) refers to lcd.o(i.lcdWriteData) for lcdWriteData
    lcd.o(i.printC_5x7) refers to lcd.o(.data) for .data
    lcd.o(i.printS) refers to lcd.o(i.printC) for printC
    lcd.o(i.printS) refers to strlen.o(.text) for strlen
    lcd.o(i.printS_5x7) refers to lcd.o(i.printC_5x7) for printC_5x7
    lcd.o(i.printS_5x7) refers to strlen.o(.text) for strlen
    lcd.o(i.print_Line) refers to lcd.o(i.printC) for printC
    lcd.o(i.print_Line) refers to strlen.o(.text) for strlen
    scankey.o(i.OpenKeyPad) refers to gpio.o(i.GPIO_SetMode) for GPIO_SetMode
    entry.o(.ARM.Collect$$$$00000000) refers (Special) to entry10a.o(.ARM.Collect$$$$0000000F) for __rt_final_cpp
    entry.o(.ARM.Collect$$$$00000000) refers (Special) to entry11a.o(.ARM.Collect$$$$00000011) for __rt_final_exit
    entry.o(.ARM.Collect$$$$00000000) refers (Special) to entry12b.o(.ARM.Collect$$$$0000000E) for __rt_lib_shutdown_fini
    entry.o(.ARM.Collect$$$$00000000) refers (Special) to entry7b.o(.ARM.Collect$$$$00000008) for _main_clock
    entry.o(.ARM.Collect$$$$00000000) refers (Special) to entry8b.o(.ARM.Collect$$$$0000000A) for _main_cpp_init
    entry.o(.ARM.Collect$$$$00000000) refers (Special) to entry9a.o(.ARM.Collect$$$$0000000B) for _main_init
    entry.o(.ARM.Collect$$$$00000000) refers (Special) to entry5.o(.ARM.Collect$$$$00000004) for _main_scatterload
    entry.o(.ARM.Collect$$$$00000000) refers (Special) to entry2.o(.ARM.Collect$$$$00000001) for _main_stk
    entry2.o(.ARM.Collect$$$$00000001) refers to entry2.o(.ARM.Collect$$$$00002712) for __lit__00000000
    entry2.o(.ARM.Collect$$$$00002712) refers to startup_nuc100series.o(STACK) for __initial_sp
    entry2.o(__vectab_stack_and_reset_area) refers to startup_nuc100series.o(STACK) for __initial_sp
    entry2.o(__vectab_stack_and_reset_area) refers to entry.o(.ARM.Collect$$$$00000000) for __main
    entry5.o(.ARM.Collect$$$$00000004) refers to init.o(.text) for __scatterload
    entry9a.o(.ARM.Collect$$$$0000000B) refers to main.o(i.main) for main
    entry9b.o(.ARM.Collect$$$$0000000C) refers to main.o(i.main) for main
    init.o(.text) refers to entry5.o(.ARM.Collect$$$$00000004) for __main_after_scatterload


==============================================================================

Removing Unused input sections from the image.

    Removing system_nuc100series.o(.rev16_text), (4 bytes).
    Removing system_nuc100series.o(.revsh_text), (4 bytes).
    Removing startup_nuc100series.o(HEAP), (0 bytes).
    Removing gpio.o(.rev16_text), (4 bytes).
    Removing gpio.o(.revsh_text), (4 bytes).
    Removing gpio.o(i.GPIO_DisableInt), (28 bytes).
    Removing gpio.o(i.GPIO_EnableInt), (26 bytes).
    Removing gpio.o(i.GPIO_SetMode), (40 bytes).
    Removing clk.o(.rev16_text), (4 bytes).
    Removing clk.o(.revsh_text), (4 bytes).
    Removing clk.o(i.CLK_DisableCKO), (16 bytes).
    Removing clk.o(i.CLK_DisableModuleClock), (48 bytes).
    Removing clk.o(i.CLK_DisablePLL), (16 bytes).
    Removing clk.o(i.CLK_DisableSysTick), (12 bytes).
    Removing clk.o(i.CLK_DisableXtalRC), (16 bytes).
    Removing clk.o(i.CLK_EnableCKO), (40 bytes).
    Removing clk.o(i.CLK_EnableSysTick), (56 bytes).
    Removing clk.o(i.CLK_GetCPUFreq), (16 bytes).
    Removing clk.o(i.CLK_GetHXTFreq), (20 bytes).
    Removing clk.o(i.CLK_GetLXTFreq), (24 bytes).
    Removing clk.o(i.CLK_GetPCLKFreq), (16 bytes).
    Removing clk.o(i.CLK_Idle), (32 bytes).
    Removing clk.o(i.CLK_PowerDown), (36 bytes).
    Removing clk.o(i.CLK_SetSysTickClockSrc), (20 bytes).
    Removing uart.o(.rev16_text), (4 bytes).
    Removing uart.o(.revsh_text), (4 bytes).
    Removing uart.o(i.CLK_GetPLLClockFreq), (88 bytes).
    Removing uart.o(i.UART_ClearIntFlag), (56 bytes).
    Removing uart.o(i.UART_Close), (6 bytes).
    Removing uart.o(i.UART_DisableFlowCtrl), (12 bytes).
    Removing uart.o(i.UART_DisableInt), (48 bytes).
    Removing uart.o(i.UART_EnableFlowCtrl), (30 bytes).
    Removing uart.o(i.UART_EnableInt), (48 bytes).
    Removing uart.o(i.UART_Open), (136 bytes).
    Removing uart.o(i.UART_Read), (44 bytes).
    Removing uart.o(i.UART_SelectIrDAMode), (132 bytes).
    Removing uart.o(i.UART_SelectLINMode), (24 bytes).
    Removing uart.o(i.UART_SelectRS485Mode), (32 bytes).
    Removing uart.o(i.UART_SetLine_Config), (128 bytes).
    Removing uart.o(i.UART_SetTimeoutCnt), (22 bytes).
    Removing uart.o(i.UART_Write), (44 bytes).
    Removing uart.o(.constdata), (48 bytes).
    Removing spi.o(.rev16_text), (4 bytes).
    Removing spi.o(.revsh_text), (4 bytes).
    Removing spi.o(i.SPI_ClearIntFlag), (48 bytes).
    Removing spi.o(i.SPI_ClearRxFIFO), (10 bytes).
    Removing spi.o(i.SPI_ClearTxFIFO), (10 bytes).
    Removing spi.o(i.SPI_Close), (72 bytes).
    Removing spi.o(i.SPI_DisableFIFO), (12 bytes).
    Removing spi.o(i.SPI_DisableInt), (80 bytes).
    Removing spi.o(i.SPI_EnableAutoSS), (18 bytes).
    Removing spi.o(i.SPI_EnableFIFO), (30 bytes).
    Removing spi.o(i.SPI_EnableInt), (80 bytes).
    Removing spi.o(i.SPI_GetBusClock), (100 bytes).
    Removing spi.o(i.SPI_GetIntFlag), (88 bytes).
    Removing spi.o(i.SPI_GetStatus), (74 bytes).
    Removing spi.o(i.SPI_SetBusClock), (284 bytes).
    Removing main.o(.rev16_text), (4 bytes).
    Removing main.o(.revsh_text), (4 bytes).
    Removing sys_init.o(.rev16_text), (4 bytes).
    Removing sys_init.o(.revsh_text), (4 bytes).
    Removing lcd.o(.rev16_text), (4 bytes).
    Removing lcd.o(.revsh_text), (4 bytes).
    Removing lcd.o(i.draw_Bmp120x8), (74 bytes).
    Removing lcd.o(i.draw_Bmp16x16), (102 bytes).
    Removing lcd.o(i.draw_Bmp16x24), (102 bytes).
    Removing lcd.o(i.draw_Bmp16x32), (102 bytes).
    Removing lcd.o(i.draw_Bmp16x40), (102 bytes).
    Removing lcd.o(i.draw_Bmp16x48), (102 bytes).
    Removing lcd.o(i.draw_Bmp16x64), (102 bytes).
    Removing lcd.o(i.draw_Bmp16x8), (74 bytes).
    Removing lcd.o(i.draw_Bmp32x16), (132 bytes).
    Removing lcd.o(i.draw_Bmp32x32), (132 bytes).
    Removing lcd.o(i.draw_Bmp32x48), (132 bytes).
    Removing lcd.o(i.draw_Bmp32x64), (132 bytes).
    Removing lcd.o(i.draw_Bmp32x8), (74 bytes).
    Removing lcd.o(i.draw_Bmp64x64), (132 bytes).
    Removing lcd.o(i.draw_Bmp8x16), (124 bytes).
    Removing lcd.o(i.draw_Bmp8x8), (74 bytes).
    Removing lcd.o(i.draw_Pixel), (72 bytes).
    Removing lcd.o(i.printC_5x7), (80 bytes).
    Removing lcd.o(i.printS), (42 bytes).
    Removing lcd.o(i.printS_5x7), (42 bytes).
    Removing scankey.o(.rev16_text), (4 bytes).
    Removing scankey.o(.revsh_text), (4 bytes).
    Removing scankey.o(i.OpenKeyPad), (72 bytes).
    Removing scankey.o(i.delay), (14 bytes).

87 unused section(s) (total 4352 bytes) removed from the image.

==============================================================================

Image Symbol Table

    Local Symbols

    Symbol Name                              Value     Ov Type        Size  Object(Section)

    RESET                                    0x00000000   Section      192  startup_nuc100series.o(RESET)
    ../clib/microlib/division.c              0x00000000   Number         0  uidiv.o ABSOLUTE
    ../clib/microlib/init/entry.s            0x00000000   Number         0  entry12a.o ABSOLUTE
    ../clib/microlib/init/entry.s            0x00000000   Number         0  entry11b.o ABSOLUTE
    ../clib/microlib/init/entry.s            0x00000000   Number         0  entry10b.o ABSOLUTE
    ../clib/microlib/init/entry.s            0x00000000   Number         0  entry10a.o ABSOLUTE
    ../clib/microlib/init/entry.s            0x00000000   Number         0  entry9b.o ABSOLUTE
    ../clib/microlib/init/entry.s            0x00000000   Number         0  entry9a.o ABSOLUTE
    ../clib/microlib/init/entry.s            0x00000000   Number         0  entry8b.o ABSOLUTE
    ../clib/microlib/init/entry.s            0x00000000   Number         0  entry11a.o ABSOLUTE
    ../clib/microlib/init/entry.s            0x00000000   Number         0  entry8a.o ABSOLUTE
    ../clib/microlib/init/entry.s            0x00000000   Number         0  entry7b.o ABSOLUTE
    ../clib/microlib/init/entry.s            0x00000000   Number         0  entry7a.o ABSOLUTE
    ../clib/microlib/init/entry.s            0x00000000   Number         0  entry5.o ABSOLUTE
    ../clib/microlib/init/entry.s            0x00000000   Number         0  entry2.o ABSOLUTE
    ../clib/microlib/init/entry.s            0x00000000   Number         0  entry.o ABSOLUTE
    ../clib/microlib/init/entry.s            0x00000000   Number         0  entry12b.o ABSOLUTE
    ../clib/microlib/string/strlen.c         0x00000000   Number         0  strlen.o ABSOLUTE
    ..\..\..\..\Library\Device\Nuvoton\NUC100Series\Source\ARM\startup_NUC100Series.s 0x00000000   Number         0  startup_nuc100series.o ABSOLUTE
    ..\..\..\..\Library\Device\Nuvoton\NUC100Series\Source\system_NUC100Series.c 0x00000000   Number         0  system_nuc100series.o ABSOLUTE
    ..\..\..\..\Library\Nu-LB-NUC140\Source\LCD.c 0x00000000   Number         0  lcd.o ABSOLUTE
    ..\..\..\..\Library\Nu-LB-NUC140\Source\SYS_init.c 0x00000000   Number         0  sys_init.o ABSOLUTE
    ..\..\..\..\Library\Nu-LB-NUC140\Source\Scankey.c 0x00000000   Number         0  scankey.o ABSOLUTE
    ..\..\..\..\Library\StdDriver\src\clk.c  0x00000000   Number         0  clk.o ABSOLUTE
    ..\..\..\..\Library\StdDriver\src\gpio.c 0x00000000   Number         0  gpio.o ABSOLUTE
    ..\..\..\..\Library\StdDriver\src\spi.c  0x00000000   Number         0  spi.o ABSOLUTE
    ..\..\..\..\Library\StdDriver\src\uart.c 0x00000000   Number         0  uart.o ABSOLUTE
    ..\\..\\..\\..\\Library\\Device\\Nuvoton\\NUC100Series\\Source\\system_NUC100Series.c 0x00000000   Number         0  system_nuc100series.o ABSOLUTE
    ..\\..\\..\\..\\Library\\Nu-LB-NUC140\\Source\\LCD.c 0x00000000   Number         0  lcd.o ABSOLUTE
    ..\\..\\..\\..\\Library\\Nu-LB-NUC140\\Source\\SYS_init.c 0x00000000   Number         0  sys_init.o ABSOLUTE
    ..\\..\\..\\..\\Library\\Nu-LB-NUC140\\Source\\Scankey.c 0x00000000   Number         0  scankey.o ABSOLUTE
    ..\\..\\..\\..\\Library\\StdDriver\\src\\clk.c 0x00000000   Number         0  clk.o ABSOLUTE
    ..\\..\\..\\..\\Library\\StdDriver\\src\\gpio.c 0x00000000   Number         0  gpio.o ABSOLUTE
    ..\\..\\..\\..\\Library\\StdDriver\\src\\spi.c 0x00000000   Number         0  spi.o ABSOLUTE
    ..\\..\\..\\..\\Library\\StdDriver\\src\\uart.c 0x00000000   Number         0  uart.o ABSOLUTE
    ..\\main.c                               0x00000000   Number         0  main.o ABSOLUTE
    ..\main.c                                0x00000000   Number         0  main.o ABSOLUTE
    handlers.s                               0x00000000   Number         0  handlers.o ABSOLUTE
    init.s                                   0x00000000   Number         0  init.o ABSOLUTE
    .ARM.Collect$$$$00000000                 0x000000c0   Section        0  entry.o(.ARM.Collect$$$$00000000)
    .ARM.Collect$$$$00000001                 0x000000c0   Section        4  entry2.o(.ARM.Collect$$$$00000001)
    .ARM.Collect$$$$00000004                 0x000000c4   Section        4  entry5.o(.ARM.Collect$$$$00000004)
    .ARM.Collect$$$$00000008                 0x000000c8   Section        0  entry7b.o(.ARM.Collect$$$$00000008)
    .ARM.Collect$$$$0000000A                 0x000000c8   Section        0  entry8b.o(.ARM.Collect$$$$0000000A)
    .ARM.Collect$$$$0000000B                 0x000000c8   Section        8  entry9a.o(.ARM.Collect$$$$0000000B)
    .ARM.Collect$$$$0000000E                 0x000000d0   Section        4  entry12b.o(.ARM.Collect$$$$0000000E)
    .ARM.Collect$$$$0000000F                 0x000000d4   Section        0  entry10a.o(.ARM.Collect$$$$0000000F)
    .ARM.Collect$$$$00000011                 0x000000d4   Section        0  entry11a.o(.ARM.Collect$$$$00000011)
    .ARM.Collect$$$$00002712                 0x000000d4   Section        4  entry2.o(.ARM.Collect$$$$00002712)
    __lit__00000000                          0x000000d4   Data           4  entry2.o(.ARM.Collect$$$$00002712)
    .text                                    0x000000d8   Section       76  startup_nuc100series.o(.text)
    Default_Handler                          0x00000103   Thumb Code     2  startup_nuc100series.o(.text)
    .text                                    0x00000124   Section        0  uidiv.o(.text)
    .text                                    0x00000150   Section        0  strlen.o(.text)
    .text                                    0x00000160   Section       36  init.o(.text)
    i.CLK_EnableModuleClock                  0x00000184   Section        0  clk.o(i.CLK_EnableModuleClock)
    i.CLK_EnablePLL                          0x000001b4   Section        0  clk.o(i.CLK_EnablePLL)
    i.CLK_EnableXtalRC                       0x0000034c   Section        0  clk.o(i.CLK_EnableXtalRC)
    i.CLK_GetHCLKFreq                        0x0000035c   Section        0  clk.o(i.CLK_GetHCLKFreq)
    i.CLK_GetPLLClockFreq                    0x0000036c   Section        0  spi.o(i.CLK_GetPLLClockFreq)
    CLK_GetPLLClockFreq                      0x0000036d   Thumb Code    70  spi.o(i.CLK_GetPLLClockFreq)
    i.CLK_SetCoreClock                       0x000003c4   Section        0  clk.o(i.CLK_SetCoreClock)
    i.CLK_SetHCLK                            0x0000043c   Section        0  clk.o(i.CLK_SetHCLK)
    i.CLK_SetModuleClock                     0x00000484   Section        0  clk.o(i.CLK_SetModuleClock)
    i.CLK_WaitClockReady                     0x00000550   Section        0  clk.o(i.CLK_WaitClockReady)
    i.SPI_DisableAutoSS                      0x0000057c   Section        0  spi.o(i.SPI_DisableAutoSS)
    i.SPI_Open                               0x00000588   Section        0  spi.o(i.SPI_Open)
    i.SYS_Init                               0x000006f4   Section        0  sys_init.o(i.SYS_Init)
    i.ScanKey                                0x00000768   Section        0  scankey.o(i.ScanKey)
    i.SystemCoreClockUpdate                  0x000007f4   Section        0  system_nuc100series.o(i.SystemCoreClockUpdate)
    i.SystemInit                             0x00000884   Section        0  system_nuc100series.o(i.SystemInit)
    i.__scatterload_copy                     0x00000886   Section       14  handlers.o(i.__scatterload_copy)
    i.__scatterload_null                     0x00000894   Section        2  handlers.o(i.__scatterload_null)
    i.__scatterload_zeroinit                 0x00000896   Section       14  handlers.o(i.__scatterload_zeroinit)
    i.clear_LCD                              0x000008a4   Section        0  lcd.o(i.clear_LCD)
    i.draw_LCD                               0x000008f8   Section        0  lcd.o(i.draw_LCD)
    i.init_LCD                               0x00000928   Section        0  lcd.o(i.init_LCD)
    i.init_SPI3                              0x00000950   Section        0  lcd.o(i.init_SPI3)
    i.lcdSetAddr                             0x00000974   Section        0  lcd.o(i.lcdSetAddr)
    i.lcdWriteCommand                        0x000009e4   Section        0  lcd.o(i.lcdWriteCommand)
    i.lcdWriteData                           0x00000a0c   Section        0  lcd.o(i.lcdWriteData)
    i.main                                   0x00000a38   Section        0  main.o(i.main)
    i.printC                                 0x00000aa0   Section        0  lcd.o(i.printC)
    i.print_Line                             0x00000afc   Section        0  lcd.o(i.print_Line)
    .constdata                               0x00000b20   Section       56  clk.o(.constdata)
    .data                                    0x20000000   Section       44  system_nuc100series.o(.data)
    .data                                    0x2000002c   Section     1024  main.o(.data)
    .data                                    0x2000042c   Section     2000  lcd.o(.data)
    Font5x7                                  0x2000042c   Data         480  lcd.o(.data)
    .bss                                     0x20000bfc   Section     1024  lcd.o(.bss)
    STACK                                    0x20001000   Section     1024  startup_nuc100series.o(STACK)

    Global Symbols

    Symbol Name                              Value     Ov Type        Size  Object(Section)

    BuildAttributes$$THM_ISAv3M$S$PE$A:L22$X:L11$S22$IEEE1$IW$USESV6$~STKCKD$USESV7$~SHL$OSPACE$EBA8$MICROLIB$REQ8$PRES8$EABIv2 0x00000000   Number         0  anon$$obj.o ABSOLUTE
    __ARM_use_no_argv                        0x00000000   Number         0  main.o ABSOLUTE
    __Vectors                                0x00000000   Data           4  startup_nuc100series.o(RESET)
    __arm_fini_                               - Undefined Weak Reference
    __cpp_initialize__aeabi_                  - Undefined Weak Reference
    __cxa_finalize                            - Undefined Weak Reference
    __decompress                              - Undefined Weak Reference
    _clock_init                               - Undefined Weak Reference
    _microlib_exit                            - Undefined Weak Reference
    __main                                   0x000000c1   Thumb Code     0  entry.o(.ARM.Collect$$$$00000000)
    _main_stk                                0x000000c1   Thumb Code     0  entry2.o(.ARM.Collect$$$$00000001)
    _main_scatterload                        0x000000c5   Thumb Code     0  entry5.o(.ARM.Collect$$$$00000004)
    __main_after_scatterload                 0x000000c9   Thumb Code     0  entry5.o(.ARM.Collect$$$$00000004)
    _main_clock                              0x000000c9   Thumb Code     0  entry7b.o(.ARM.Collect$$$$00000008)
    _main_cpp_init                           0x000000c9   Thumb Code     0  entry8b.o(.ARM.Collect$$$$0000000A)
    _main_init                               0x000000c9   Thumb Code     0  entry9a.o(.ARM.Collect$$$$0000000B)
    __rt_lib_shutdown_fini                   0x000000d1   Thumb Code     0  entry12b.o(.ARM.Collect$$$$0000000E)
    __rt_final_cpp                           0x000000d5   Thumb Code     0  entry10a.o(.ARM.Collect$$$$0000000F)
    __rt_final_exit                          0x000000d5   Thumb Code     0  entry11a.o(.ARM.Collect$$$$00000011)
    Reset_Handler                            0x000000d9   Thumb Code    32  startup_nuc100series.o(.text)
    NMI_Handler                              0x000000f9   Thumb Code     2  startup_nuc100series.o(.text)
    HardFault_Handler                        0x000000fb   Thumb Code     2  startup_nuc100series.o(.text)
    SVC_Handler                              0x000000fd   Thumb Code     2  startup_nuc100series.o(.text)
    PendSV_Handler                           0x000000ff   Thumb Code     2  startup_nuc100series.o(.text)
    SysTick_Handler                          0x00000101   Thumb Code     2  startup_nuc100series.o(.text)
    ACMP_IRQHandler                          0x00000103   Thumb Code     0  startup_nuc100series.o(.text)
    ADC_IRQHandler                           0x00000103   Thumb Code     0  startup_nuc100series.o(.text)
    BOD_IRQHandler                           0x00000103   Thumb Code     0  startup_nuc100series.o(.text)
    CAN0_IRQHandler                          0x00000103   Thumb Code     0  startup_nuc100series.o(.text)
    CAN1_IRQHandler                          0x00000103   Thumb Code     0  startup_nuc100series.o(.text)
    EINT0_IRQHandler                         0x00000103   Thumb Code     0  startup_nuc100series.o(.text)
    EINT1_IRQHandler                         0x00000103   Thumb Code     0  startup_nuc100series.o(.text)
    GPAB_IRQHandler                          0x00000103   Thumb Code     0  startup_nuc100series.o(.text)
    GPCDEF_IRQHandler                        0x00000103   Thumb Code     0  startup_nuc100series.o(.text)
    I2C0_IRQHandler                          0x00000103   Thumb Code     0  startup_nuc100series.o(.text)
    I2C1_IRQHandler                          0x00000103   Thumb Code     0  startup_nuc100series.o(.text)
    I2S_IRQHandler                           0x00000103   Thumb Code     0  startup_nuc100series.o(.text)
    PDMA_IRQHandler                          0x00000103   Thumb Code     0  startup_nuc100series.o(.text)
    PS2_IRQHandler                           0x00000103   Thumb Code     0  startup_nuc100series.o(.text)
    PWMA_IRQHandler                          0x00000103   Thumb Code     0  startup_nuc100series.o(.text)
    PWMB_IRQHandler                          0x00000103   Thumb Code     0  startup_nuc100series.o(.text)
    PWRWU_IRQHandler                         0x00000103   Thumb Code     0  startup_nuc100series.o(.text)
    RTC_IRQHandler                           0x00000103   Thumb Code     0  startup_nuc100series.o(.text)
    SC012_IRQHandler                         0x00000103   Thumb Code     0  startup_nuc100series.o(.text)
    SPI0_IRQHandler                          0x00000103   Thumb Code     0  startup_nuc100series.o(.text)
    SPI1_IRQHandler                          0x00000103   Thumb Code     0  startup_nuc100series.o(.text)
    SPI2_IRQHandler                          0x00000103   Thumb Code     0  startup_nuc100series.o(.text)
    SPI3_IRQHandler                          0x00000103   Thumb Code     0  startup_nuc100series.o(.text)
    TMR0_IRQHandler                          0x00000103   Thumb Code     0  startup_nuc100series.o(.text)
    TMR1_IRQHandler                          0x00000103   Thumb Code     0  startup_nuc100series.o(.text)
    TMR2_IRQHandler                          0x00000103   Thumb Code     0  startup_nuc100series.o(.text)
    TMR3_IRQHandler                          0x00000103   Thumb Code     0  startup_nuc100series.o(.text)
    UART02_IRQHandler                        0x00000103   Thumb Code     0  startup_nuc100series.o(.text)
    UART1_IRQHandler                         0x00000103   Thumb Code     0  startup_nuc100series.o(.text)
    USBD_IRQHandler                          0x00000103   Thumb Code     0  startup_nuc100series.o(.text)
    WDT_IRQHandler                           0x00000103   Thumb Code     0  startup_nuc100series.o(.text)
    __aeabi_uidiv                            0x00000125   Thumb Code     0  uidiv.o(.text)
    __aeabi_uidivmod                         0x00000125   Thumb Code    44  uidiv.o(.text)
    strlen                                   0x00000151   Thumb Code    14  strlen.o(.text)
    __scatterload                            0x00000161   Thumb Code    28  init.o(.text)
    __scatterload_rt2                        0x00000161   Thumb Code     0  init.o(.text)
    CLK_EnableModuleClock                    0x00000185   Thumb Code    40  clk.o(i.CLK_EnableModuleClock)
    CLK_EnablePLL                            0x000001b5   Thumb Code   348  clk.o(i.CLK_EnablePLL)
    CLK_EnableXtalRC                         0x0000034d   Thumb Code    10  clk.o(i.CLK_EnableXtalRC)
    CLK_GetHCLKFreq                          0x0000035d   Thumb Code    12  clk.o(i.CLK_GetHCLKFreq)
    CLK_SetCoreClock                         0x000003c5   Thumb Code   112  clk.o(i.CLK_SetCoreClock)
    CLK_SetHCLK                              0x0000043d   Thumb Code    66  clk.o(i.CLK_SetHCLK)
    CLK_SetModuleClock                       0x00000485   Thumb Code   180  clk.o(i.CLK_SetModuleClock)
    CLK_WaitClockReady                       0x00000551   Thumb Code    34  clk.o(i.CLK_WaitClockReady)
    SPI_DisableAutoSS                        0x0000057d   Thumb Code    10  spi.o(i.SPI_DisableAutoSS)
    SPI_Open                                 0x00000589   Thumb Code   348  spi.o(i.SPI_Open)
    SYS_Init                                 0x000006f5   Thumb Code   104  sys_init.o(i.SYS_Init)
    ScanKey                                  0x00000769   Thumb Code   136  scankey.o(i.ScanKey)
    SystemCoreClockUpdate                    0x000007f5   Thumb Code   118  system_nuc100series.o(i.SystemCoreClockUpdate)
    SystemInit                               0x00000885   Thumb Code     2  system_nuc100series.o(i.SystemInit)
    __scatterload_copy                       0x00000887   Thumb Code    14  handlers.o(i.__scatterload_copy)
    __scatterload_null                       0x00000895   Thumb Code     2  handlers.o(i.__scatterload_null)
    __scatterload_zeroinit                   0x00000897   Thumb Code    14  handlers.o(i.__scatterload_zeroinit)
    clear_LCD                                0x000008a5   Thumb Code    78  lcd.o(i.clear_LCD)
    draw_LCD                                 0x000008f9   Thumb Code    48  lcd.o(i.draw_LCD)
    init_LCD                                 0x00000929   Thumb Code    38  lcd.o(i.init_LCD)
    init_SPI3                                0x00000951   Thumb Code    28  lcd.o(i.init_SPI3)
    lcdSetAddr                               0x00000975   Thumb Code   106  lcd.o(i.lcdSetAddr)
    lcdWriteCommand                          0x000009e5   Thumb Code    36  lcd.o(i.lcdWriteCommand)
    lcdWriteData                             0x00000a0d   Thumb Code    40  lcd.o(i.lcdWriteData)
    main                                     0x00000a39   Thumb Code    76  main.o(i.main)
    printC                                   0x00000aa1   Thumb Code    88  lcd.o(i.printC)
    print_Line                               0x00000afd   Thumb Code    36  lcd.o(i.print_Line)
    Region$$Table$$Base                      0x00000b58   Number         0  anon$$obj.o(Region$$Table)
    Region$$Table$$Limit                     0x00000b78   Number         0  anon$$obj.o(Region$$Table)
    SystemCoreClock                          0x20000000   Data           4  system_nuc100series.o(.data)
    CyclesPerUs                              0x20000004   Data           4  system_nuc100series.o(.data)
    PllClock                                 0x20000008   Data           4  system_nuc100series.o(.data)
    gau32ClkSrcTbl                           0x2000000c   Data          32  system_nuc100series.o(.data)
    test                                     0x2000002c   Data        1024  main.o(.data)
    Font8x16                                 0x2000060c   Data        1520  lcd.o(.data)
    DisplayBuffer                            0x20000bfc   Data        1024  lcd.o(.bss)
    __initial_sp                             0x20001400   Data           0  startup_nuc100series.o(STACK)



==============================================================================

Memory Map of the image

  Image Entry point : 0x000000d9

  Load Region LR_1 (Base: 0x00000000, Size: 0x00001774, Max: 0xffffffff, ABSOLUTE)

    Execution Region ER_RO (Exec base: 0x00000000, Load base: 0x00000000, Size: 0x00000b78, Max: 0xffffffff, ABSOLUTE)

    Exec Addr    Load Addr    Size         Type   Attr      Idx    E Section Name        Object

    0x00000000   0x00000000   0x000000c0   Data   RO          114    RESET               startup_nuc100series.o
    0x000000c0   0x000000c0   0x00000000   Code   RO          968  * .ARM.Collect$$$$00000000  mc_p.l(entry.o)
    0x000000c0   0x000000c0   0x00000004   Code   RO          973    .ARM.Collect$$$$00000001  mc_p.l(entry2.o)
    0x000000c4   0x000000c4   0x00000004   Code   RO          976    .ARM.Collect$$$$00000004  mc_p.l(entry5.o)
    0x000000c8   0x000000c8   0x00000000   Code   RO          978    .ARM.Collect$$$$00000008  mc_p.l(entry7b.o)
    0x000000c8   0x000000c8   0x00000000   Code   RO          980    .ARM.Collect$$$$0000000A  mc_p.l(entry8b.o)
    0x000000c8   0x000000c8   0x00000008   Code   RO          981    .ARM.Collect$$$$0000000B  mc_p.l(entry9a.o)
    0x000000d0   0x000000d0   0x00000004   Code   RO          988    .ARM.Collect$$$$0000000E  mc_p.l(entry12b.o)
    0x000000d4   0x000000d4   0x00000000   Code   RO          983    .ARM.Collect$$$$0000000F  mc_p.l(entry10a.o)
    0x000000d4   0x000000d4   0x00000000   Code   RO          985    .ARM.Collect$$$$00000011  mc_p.l(entry11a.o)
    0x000000d4   0x000000d4   0x00000004   Code   RO          974    .ARM.Collect$$$$00002712  mc_p.l(entry2.o)
    0x000000d8   0x000000d8   0x0000004c   Code   RO          115  * .text               startup_nuc100series.o
    0x00000124   0x00000124   0x0000002c   Code   RO          969    .text               mc_p.l(uidiv.o)
    0x00000150   0x00000150   0x0000000e   Code   RO          971    .text               mc_p.l(strlen.o)
    0x0000015e   0x0000015e   0x00000002   PAD
    0x00000160   0x00000160   0x00000024   Code   RO          989    .text               mc_p.l(init.o)
    0x00000184   0x00000184   0x00000030   Code   RO          166    i.CLK_EnableModuleClock  clk.o
    0x000001b4   0x000001b4   0x00000198   Code   RO          167    i.CLK_EnablePLL     clk.o
    0x0000034c   0x0000034c   0x00000010   Code   RO          169    i.CLK_EnableXtalRC  clk.o
    0x0000035c   0x0000035c   0x00000010   Code   RO          171    i.CLK_GetHCLKFreq   clk.o
    0x0000036c   0x0000036c   0x00000058   Code   RO          439    i.CLK_GetPLLClockFreq  spi.o
    0x000003c4   0x000003c4   0x00000078   Code   RO          177    i.CLK_SetCoreClock  clk.o
    0x0000043c   0x0000043c   0x00000048   Code   RO          178    i.CLK_SetHCLK       clk.o
    0x00000484   0x00000484   0x000000cc   Code   RO          179    i.CLK_SetModuleClock  clk.o
    0x00000550   0x00000550   0x0000002c   Code   RO          181    i.CLK_WaitClockReady  clk.o
    0x0000057c   0x0000057c   0x0000000a   Code   RO          444    i.SPI_DisableAutoSS  spi.o
    0x00000586   0x00000586   0x00000002   PAD
    0x00000588   0x00000588   0x0000016c   Code   RO          453    i.SPI_Open          spi.o
    0x000006f4   0x000006f4   0x00000074   Code   RO          657    i.SYS_Init          sys_init.o
    0x00000768   0x00000768   0x0000008c   Code   RO          933    i.ScanKey           scankey.o
    0x000007f4   0x000007f4   0x00000090   Code   RO            3    i.SystemCoreClockUpdate  system_nuc100series.o
    0x00000884   0x00000884   0x00000002   Code   RO            4    i.SystemInit        system_nuc100series.o
    0x00000886   0x00000886   0x0000000e   Code   RO          993    i.__scatterload_copy  mc_p.l(handlers.o)
    0x00000894   0x00000894   0x00000002   Code   RO          994    i.__scatterload_null  mc_p.l(handlers.o)
    0x00000896   0x00000896   0x0000000e   Code   RO          995    i.__scatterload_zeroinit  mc_p.l(handlers.o)
    0x000008a4   0x000008a4   0x00000054   Code   RO          729    i.clear_LCD         lcd.o
    0x000008f8   0x000008f8   0x00000030   Code   RO          746    i.draw_LCD          lcd.o
    0x00000928   0x00000928   0x00000026   Code   RO          748    i.init_LCD          lcd.o
    0x0000094e   0x0000094e   0x00000002   PAD
    0x00000950   0x00000950   0x00000024   Code   RO          749    i.init_SPI3         lcd.o
    0x00000974   0x00000974   0x00000070   Code   RO          750    i.lcdSetAddr        lcd.o
    0x000009e4   0x000009e4   0x00000028   Code   RO          751    i.lcdWriteCommand   lcd.o
    0x00000a0c   0x00000a0c   0x0000002c   Code   RO          752    i.lcdWriteData      lcd.o
    0x00000a38   0x00000a38   0x00000068   Code   RO          548    i.main              main.o
    0x00000aa0   0x00000aa0   0x0000005c   Code   RO          753    i.printC            lcd.o
    0x00000afc   0x00000afc   0x00000024   Code   RO          757    i.print_Line        lcd.o
    0x00000b20   0x00000b20   0x00000038   Data   RO          182    .constdata          clk.o
    0x00000b58   0x00000b58   0x00000020   Data   RO          991    Region$$Table       anon$$obj.o


    Execution Region ER_RW (Exec base: 0x20000000, Load base: 0x00000b78, Size: 0x00000bfc, Max: 0xffffffff, ABSOLUTE)

    Exec Addr    Load Addr    Size         Type   Attr      Idx    E Section Name        Object

    0x20000000   0x00000b78   0x0000002c   Data   RW            5    .data               system_nuc100series.o
    0x2000002c   0x00000ba4   0x00000400   Data   RW          549    .data               main.o
    0x2000042c   0x00000fa4   0x000007d0   Data   RW          759    .data               lcd.o


    Execution Region ER_ZI (Exec base: 0x20000bfc, Load base: 0x00001774, Size: 0x00000804, Max: 0xffffffff, ABSOLUTE)

    Exec Addr    Load Addr    Size         Type   Attr      Idx    E Section Name        Object

    0x20000bfc        -       0x00000400   Zero   RW          758    .bss                lcd.o
    0x20000ffc   0x00001774   0x00000004   PAD
    0x20001000        -       0x00000400   Zero   RW          112    STACK               startup_nuc100series.o


==============================================================================

Image component sizes


      Code (inc. data)   RO Data    RW Data    ZI Data      Debug   Object Name

       928        126         56          0          0       6980   clk.o
       530         32          0       2000       1024       7143   lcd.o
       104         28          0       1024          0      20902   main.o
       140          4          0          0          0        826   scankey.o
       462         34          0          0          0       3111   spi.o
        76         32        192          0       1024        772   startup_nuc100series.o
       116         12          0          0          0      35175   sys_init.o
       146         26          0         44          0     118307   system_nuc100series.o

    ----------------------------------------------------------------------
      2506        294        280       3068       2052     193216   Object Totals
         0          0         32          0          0          0   (incl. Generated)
         4          0          0          0          4          0   (incl. Padding)

    ----------------------------------------------------------------------

      Code (inc. data)   RO Data    RW Data    ZI Data      Debug   Library Member Name

         0          0          0          0          0          0   entry.o
         0          0          0          0          0          0   entry10a.o
         0          0          0          0          0          0   entry11a.o
         4          0          0          0          0          0   entry12b.o
         8          4          0          0          0          0   entry2.o
         4          0          0          0          0          0   entry5.o
         0          0          0          0          0          0   entry7b.o
         0          0          0          0          0          0   entry8b.o
         8          4          0          0          0          0   entry9a.o
        30          0          0          0          0          0   handlers.o
        36          8          0          0          0         68   init.o
        14          0          0          0          0         60   strlen.o
        44          0          0          0          0         72   uidiv.o

    ----------------------------------------------------------------------
       150         16          0          0          0        200   Library Totals
         2          0          0          0          0          0   (incl. Padding)

    ----------------------------------------------------------------------

      Code (inc. data)   RO Data    RW Data    ZI Data      Debug   Library Name

       148         16          0          0          0        200   mc_p.l

    ----------------------------------------------------------------------
       150         16          0          0          0        200   Library Totals

    ----------------------------------------------------------------------

==============================================================================


      Code (inc. data)   RO Data    RW Data    ZI Data      Debug   

      2656        310        280       3068       2052     192556   Grand Totals
      2656        310        280       3068       2052     192556   ELF Image Totals
      2656        310        280       3068          0          0   ROM Totals

==============================================================================

    Total RO  Size (Code + RO Data)                 2936 (   2.87kB)
    Total RW  Size (RW Data + ZI Data)              5120 (   5.00kB)
    Total ROM Size (Code + RO Data + RW Data)       6004 (   5.86kB)

==============================================================================

