<html>
<body>
<pre>
<h1>µVision Build Log</h1>
<h2>Tool Versions:</h2>
IDE-Version: £gVision V5.37.0.0
Copyright (C) 2022 ARM Ltd and ARM Germany GmbH. All rights reserved.
License Information: a a, a, LIC=----
 
Tool Versions:
Toolchain:       MDK-Lite  Version: 5.37.0.0
Toolchain Path:  C:\Keil_v5\ARM\ARMCC\Bin
C Compiler:      Armcc.exe V5.06 (build 20)
Assembler:       Armasm.exe V5.06 (build 20)
Linker/Locator:  ArmLink.exe V5.06 (build 20)
Library Manager: ArmAr.exe V5.06 (build 20)
Hex Converter:   FromElf.exe V5.06 (build 20)
CPU DLL:         SARMCM3.DLL V5.37.0.0
Dialog DLL:      DARMCM1.DLL V1.19.6.0
Target DLL:      Nu_Link.dll V3.07
Dialog DLL:      TARMCM1.DLL V1.14.6.0
 
<h2>Project:</h2>
C:\Users\SWI-MIN\Desktop\PPT\lab3-2 learning board 211006\lab3-2 learning board 211006\Nu-LB-NUC140_BSP3.00.004_v1.2\SampleCode\Nu-LB-NUC140\GPIO_7seg\KEIL\Nu-LB-NUC140_7seg.uvproj
Project File Date:  08/12/2022

<h2>Output:</h2>
*** Using Compiler 'V5.06 (build 20)', folder: 'C:\Keil_v5\ARM\ARMCC\Bin'
Rebuild target 'GPIO'
creating preprocessor file for sys.c...
assembling startup_NUC100Series.s...
creating preprocessor file for gpio.c...
creating preprocessor file for system_NUC100Series.c...
creating preprocessor file for clk.c...
creating preprocessor file for uart.c...
creating preprocessor file for main.c...
compiling system_NUC100Series.c...
compiling gpio.c...
compiling sys.c...
compiling clk.c...
compiling uart.c...
creating preprocessor file for SYS_init.c...
compiling main.c...
..\main.c(28): warning:  #1-D: last line of file ends without a newline
  }
..\main.c: 1 warning, 0 errors
creating preprocessor file for Seven_Segment.c...
compiling SYS_init.c...
compiling Seven_Segment.c...
linking...
Program Size: Code=1616 RO-data=224 RW-data=60 ZI-data=1028  
After Build - User command #1: fromelf --bin ".\obj\GPIO_7seg.axf" --output ".\obj\GPIO_7seg.bin"
After Build - User command #2: fromelf --text -c ".\obj\GPIO_7seg.axf" --output ".\obj\GPIO_7seg.txt"
".\obj\GPIO_7seg.axf" - 0 Error(s), 1 Warning(s).
Build Time Elapsed:  00:00:02
</pre>
</body>
</html>
